0 verbose cli /usr/local/bin/node /usr/local/lib/node_modules/npm/bin/npm-cli.js
1 info using npm@12.0.2
2 info using node@v24.19.0
3 silly config load:file:/usr/local/lib/node_modules/npm/npmrc
4 silly config load:file:/Users/pcartee/Downloads/github/samples/.npmrc
5 silly config load:file:/Users/pcartee/.npmrc
6 silly config load:file:/usr/local/etc/npmrc
7 verbose title npm exec markdownlint-cli@0.35.0 --config /tmp/mlint-amd.json docs/ita/Tutorials and examples/Intel Trust Authority Client examples/tutorial-amd-azure-vm.md
8 verbose argv "exec" "--yes" "--" "markdownlint-cli@0.35.0" "--config" "/tmp/mlint-amd.json" "docs/ita/Tutorials and examples/Intel Trust Authority Client examples/tutorial-amd-azure-vm.md"
9 verbose logfile logs-max:10 dir:/Users/pcartee/Downloads/github/samples/.npm-cache/_logs/2026-09-17T17_25_09_809Z-
10 verbose logfile /Users/pcartee/Downloads/github/samples/.npm-cache/_logs/2026-09-17T17_25_09_809Z-debug-0.log
11 silly logfile start cleaning logs, removing 1 files
12 silly logfile done cleaning log files
13 silly packumentCache heap:4496293888 maxSize:1124073472 maxEntrySize:562036736
14 http fetch GET 200 https://registry.npmjs.org/markdownlint-cli 158ms (cache revalidated)
15 silly packumentCache heap:4496293888 maxSize:1124073472 maxEntrySize:562036736
16 silly packumentCache heap:4496293888 maxSize:1124073472 maxEntrySize:562036736
17 notice run sample-writing@0.0.0 npx
18 notice run 'markdownlint' --config /tmp/mlint-amd.json docs/ita/Tutorials and examples/Intel Trust Authority Client examples/tutorial-amd-azure-vm.md
19 verbose cwd /Users/pcartee/Downloads/github/samples
20 verbose os Darwin 25.6.0
21 verbose node v24.19.0
22 verbose npm  v12.0.2
23 verbose exit 0
24 info ok
