0 verbose cli /usr/local/bin/node /usr/local/lib/node_modules/npm/bin/npm-cli.js
1 info using npm@12.0.2
2 info using node@v24.19.0
3 silly config load:file:/usr/local/lib/node_modules/npm/npmrc
4 silly config load:file:/Users/pcartee/Downloads/github/samples/.npmrc
5 silly config load:file:/Users/pcartee/.npmrc
6 silly config load:file:/usr/local/etc/npmrc
7 verbose title npm exec markdownlint-cli@0.35.0 --config /tmp/mlint.json docs/ita/Tutorials and examples/Intel Trust Authority Client examples/tutorial-azure-vtpm.md
8 verbose argv "exec" "--yes" "--" "markdownlint-cli@0.35.0" "--config" "/tmp/mlint.json" "docs/ita/Tutorials and examples/Intel Trust Authority Client examples/tutorial-azure-vtpm.md"
9 verbose logfile logs-max:10 dir:/Users/pcartee/Downloads/github/samples/.npm-cache/_logs/2026-09-17T02_07_40_969Z-
10 verbose logfile /Users/pcartee/Downloads/github/samples/.npm-cache/_logs/2026-09-17T02_07_40_969Z-debug-0.log
11 silly logfile done cleaning log files
12 silly packumentCache heap:4496293888 maxSize:1124073472 maxEntrySize:562036736
13 http fetch GET 200 https://registry.npmjs.org/markdownlint-cli 227ms (cache miss)
14 silly packumentCache heap:4496293888 maxSize:1124073472 maxEntrySize:562036736
15 silly packumentCache heap:4496293888 maxSize:1124073472 maxEntrySize:562036736
16 silly idealTree buildDeps
17 silly fetch manifest markdownlint-cli@0.35.0
18 silly packumentCache full:https://registry.npmjs.org/markdownlint-cli cache-miss
19 http fetch GET 200 https://registry.npmjs.org/markdownlint-cli 48ms (cache miss)
20 silly packumentCache full:https://registry.npmjs.org/markdownlint-cli set size:undefined disposed:false
21 silly placeDep ROOT markdownlint-cli@0.35.0 OK for:  want: 0.35.0
22 silly fetch manifest glob@~10.2.7
23 silly packumentCache full:https://registry.npmjs.org/glob cache-miss
24 silly fetch manifest ignore@~5.2.4
25 silly packumentCache full:https://registry.npmjs.org/ignore cache-miss
26 silly fetch manifest js-yaml@^4.1.0
27 silly packumentCache full:https://registry.npmjs.org/js-yaml cache-miss
28 silly fetch manifest run-con@~1.2.11
29 silly packumentCache full:https://registry.npmjs.org/run-con cache-miss
30 silly fetch manifest commander@~11.0.0
31 silly packumentCache full:https://registry.npmjs.org/commander cache-miss
32 silly fetch manifest get-stdin@~9.0.0
33 silly packumentCache full:https://registry.npmjs.org/get-stdin cache-miss
34 silly fetch manifest minimatch@~9.0.1
35 silly packumentCache full:https://registry.npmjs.org/minimatch cache-miss
36 silly fetch manifest jsonc-parser@~3.2.0
37 silly packumentCache full:https://registry.npmjs.org/jsonc-parser cache-miss
38 silly fetch manifest markdownlint@~0.29.0
39 silly packumentCache full:https://registry.npmjs.org/markdownlint cache-miss
40 http fetch GET 200 https://registry.npmjs.org/glob 63ms (cache miss)
41 silly packumentCache full:https://registry.npmjs.org/glob set size:undefined disposed:false
42 http fetch GET 200 https://registry.npmjs.org/js-yaml 137ms (cache miss)
43 silly packumentCache full:https://registry.npmjs.org/js-yaml set size:undefined disposed:false
44 http fetch GET 200 https://registry.npmjs.org/get-stdin 155ms (cache miss)
45 silly packumentCache full:https://registry.npmjs.org/get-stdin set size:undefined disposed:false
46 http fetch GET 200 https://registry.npmjs.org/ignore 160ms (cache miss)
47 silly packumentCache full:https://registry.npmjs.org/ignore set size:undefined disposed:false
48 http fetch GET 200 https://registry.npmjs.org/markdownlint 162ms (cache miss)
49 silly packumentCache full:https://registry.npmjs.org/markdownlint set size:undefined disposed:false
50 http fetch GET 200 https://registry.npmjs.org/commander 169ms (cache miss)
51 silly packumentCache full:https://registry.npmjs.org/commander set size:undefined disposed:false
52 http fetch GET 200 https://registry.npmjs.org/minimatch 173ms (cache miss)
53 silly packumentCache full:https://registry.npmjs.org/minimatch set size:undefined disposed:false
54 http fetch GET 200 https://registry.npmjs.org/jsonc-parser 177ms (cache miss)
55 silly packumentCache full:https://registry.npmjs.org/jsonc-parser set size:undefined disposed:false
56 http fetch GET 200 https://registry.npmjs.org/run-con 182ms (cache miss)
57 silly packumentCache full:https://registry.npmjs.org/run-con set size:undefined disposed:false
58 silly placeDep ROOT commander@11.0.0 OK for: markdownlint-cli@0.35.0 want: ~11.0.0
59 silly placeDep ROOT get-stdin@9.0.0 OK for: markdownlint-cli@0.35.0 want: ~9.0.0
60 silly placeDep ROOT glob@10.2.7 OK for: markdownlint-cli@0.35.0 want: ~10.2.7
61 silly placeDep ROOT ignore@5.2.4 OK for: markdownlint-cli@0.35.0 want: ~5.2.4
62 silly placeDep ROOT js-yaml@4.3.2 OK for: markdownlint-cli@0.35.0 want: ^4.1.0
63 silly placeDep ROOT jsonc-parser@3.2.1 OK for: markdownlint-cli@0.35.0 want: ~3.2.0
64 silly placeDep ROOT markdownlint@0.29.0 OK for: markdownlint-cli@0.35.0 want: ~0.29.0
65 silly placeDep ROOT minimatch@9.0.9 OK for: markdownlint-cli@0.35.0 want: ~9.0.1
66 silly placeDep ROOT run-con@1.2.12 OK for: markdownlint-cli@0.35.0 want: ~1.2.11
67 silly fetch manifest minipass@^5.0.0 || ^6.0.2
68 silly packumentCache full:https://registry.npmjs.org/minipass cache-miss
69 silly fetch manifest jackspeak@^2.0.3
70 silly packumentCache full:https://registry.npmjs.org/jackspeak cache-miss
71 silly fetch manifest minimatch@^9.0.1
72 silly packumentCache full:https://registry.npmjs.org/minimatch cache-miss
73 silly fetch manifest path-scurry@^1.7.0
74 silly packumentCache full:https://registry.npmjs.org/path-scurry cache-miss
75 silly fetch manifest foreground-child@^3.1.0
76 silly packumentCache full:https://registry.npmjs.org/foreground-child cache-miss
77 silly fetch manifest argparse@^2.0.1
78 silly packumentCache full:https://registry.npmjs.org/argparse cache-miss
79 silly fetch manifest markdown-it@13.0.1
80 silly packumentCache full:https://registry.npmjs.org/markdown-it cache-miss
81 silly fetch manifest markdownlint-micromark@0.1.5
82 silly packumentCache full:https://registry.npmjs.org/markdownlint-micromark cache-miss
83 silly fetch manifest brace-expansion@^2.0.2
84 silly packumentCache full:https://registry.npmjs.org/brace-expansion cache-miss
85 silly fetch manifest ini@~3.0.0
86 silly packumentCache full:https://registry.npmjs.org/ini cache-miss
87 silly fetch manifest minimist@^1.2.8
88 silly packumentCache full:https://registry.npmjs.org/minimist cache-miss
89 http cache https://registry.npmjs.org/minimatch 20ms (cache hit)
90 silly packumentCache full:https://registry.npmjs.org/minimatch set size:377924 disposed:false
91 silly fetch manifest deep-extend@^0.6.0
92 silly packumentCache full:https://registry.npmjs.org/deep-extend cache-miss
93 http fetch GET 200 https://registry.npmjs.org/argparse 47ms (cache miss)
94 silly packumentCache full:https://registry.npmjs.org/argparse set size:undefined disposed:false
95 silly fetch manifest strip-json-comments@~3.1.1
96 silly packumentCache full:https://registry.npmjs.org/strip-json-comments cache-miss
97 http fetch GET 200 https://registry.npmjs.org/minipass 50ms (cache miss)
98 silly packumentCache full:https://registry.npmjs.org/minipass set size:undefined disposed:false
99 http fetch GET 200 https://registry.npmjs.org/ini 53ms (cache miss)
100 silly packumentCache full:https://registry.npmjs.org/ini set size:undefined disposed:false
101 http fetch GET 200 https://registry.npmjs.org/markdownlint-micromark 53ms (cache miss)
102 silly packumentCache full:https://registry.npmjs.org/markdownlint-micromark set size:undefined disposed:false
103 http fetch GET 200 https://registry.npmjs.org/brace-expansion 54ms (cache miss)
104 silly packumentCache full:https://registry.npmjs.org/brace-expansion set size:undefined disposed:false
105 http fetch GET 200 https://registry.npmjs.org/markdown-it 55ms (cache miss)
106 silly packumentCache full:https://registry.npmjs.org/markdown-it set size:undefined disposed:false
107 http fetch GET 200 https://registry.npmjs.org/foreground-child 58ms (cache miss)
108 silly packumentCache full:https://registry.npmjs.org/foreground-child set size:undefined disposed:false
109 http fetch GET 200 https://registry.npmjs.org/path-scurry 62ms (cache miss)
110 silly packumentCache full:https://registry.npmjs.org/path-scurry set size:undefined disposed:false
111 http fetch GET 200 https://registry.npmjs.org/strip-json-comments 45ms (cache miss)
112 silly packumentCache full:https://registry.npmjs.org/strip-json-comments set size:undefined disposed:false
113 http fetch GET 200 https://registry.npmjs.org/minimist 111ms (cache miss)
114 silly packumentCache full:https://registry.npmjs.org/minimist set size:undefined disposed:false
115 http fetch GET 200 https://registry.npmjs.org/jackspeak 131ms (cache miss)
116 silly packumentCache full:https://registry.npmjs.org/jackspeak set size:undefined disposed:false
117 http fetch GET 200 https://registry.npmjs.org/deep-extend 126ms (cache miss)
118 silly packumentCache full:https://registry.npmjs.org/deep-extend set size:undefined disposed:false
119 silly placeDep ROOT foreground-child@3.3.1 OK for: glob@10.2.7 want: ^3.1.0
120 silly placeDep ROOT jackspeak@2.3.6 OK for: glob@10.2.7 want: ^2.0.3
121 silly placeDep ROOT minipass@6.0.2 OK for: glob@10.2.7 want: ^5.0.0 || ^6.0.2
122 silly placeDep ROOT path-scurry@1.11.1 OK for: glob@10.2.7 want: ^1.7.0
123 silly fetch manifest cross-spawn@^7.0.6
124 silly packumentCache full:https://registry.npmjs.org/cross-spawn cache-miss
125 silly fetch manifest signal-exit@^4.0.1
126 silly packumentCache full:https://registry.npmjs.org/signal-exit cache-miss
127 silly fetch manifest @isaacs/cliui@^8.0.2
128 silly packumentCache full:https://registry.npmjs.org/@isaacs%2fcliui cache-miss
129 silly fetch manifest @pkgjs/parseargs@^0.11.0
130 silly packumentCache full:https://registry.npmjs.org/@pkgjs%2fparseargs cache-miss
131 silly fetch manifest lru-cache@^10.2.0
132 silly packumentCache full:https://registry.npmjs.org/lru-cache cache-miss
133 http fetch GET 200 https://registry.npmjs.org/signal-exit 46ms (cache miss)
134 silly packumentCache full:https://registry.npmjs.org/signal-exit set size:undefined disposed:false
135 http fetch GET 200 https://registry.npmjs.org/cross-spawn 48ms (cache miss)
136 silly packumentCache full:https://registry.npmjs.org/cross-spawn set size:undefined disposed:false
137 http fetch GET 200 https://registry.npmjs.org/@pkgjs%2fparseargs 51ms (cache miss)
138 silly packumentCache full:https://registry.npmjs.org/@pkgjs%2fparseargs set size:undefined disposed:false
139 http fetch GET 200 https://registry.npmjs.org/lru-cache 53ms (cache miss)
140 silly packumentCache full:https://registry.npmjs.org/lru-cache set size:undefined disposed:false
141 http fetch GET 200 https://registry.npmjs.org/@isaacs%2fcliui 102ms (cache miss)
142 silly packumentCache full:https://registry.npmjs.org/@isaacs%2fcliui set size:undefined disposed:false
143 silly placeDep ROOT cross-spawn@7.0.6 OK for: foreground-child@3.3.1 want: ^7.0.6
144 silly placeDep ROOT signal-exit@4.1.0 OK for: foreground-child@3.3.1 want: ^4.0.1
145 silly fetch manifest which@^2.0.1
146 silly packumentCache full:https://registry.npmjs.org/which cache-miss
147 silly fetch manifest path-key@^3.1.0
148 silly packumentCache full:https://registry.npmjs.org/path-key cache-miss
149 silly fetch manifest shebang-command@^2.0.0
150 silly packumentCache full:https://registry.npmjs.org/shebang-command cache-miss
151 http fetch GET 200 https://registry.npmjs.org/which 50ms (cache miss)
152 silly packumentCache full:https://registry.npmjs.org/which set size:undefined disposed:false
153 http fetch GET 200 https://registry.npmjs.org/path-key 66ms (cache miss)
154 silly packumentCache full:https://registry.npmjs.org/path-key set size:undefined disposed:false
155 http fetch GET 200 https://registry.npmjs.org/shebang-command 67ms (cache miss)
156 silly packumentCache full:https://registry.npmjs.org/shebang-command set size:undefined disposed:false
157 silly placeDep ROOT path-key@3.1.1 OK for: cross-spawn@7.0.6 want: ^3.1.0
158 silly placeDep ROOT shebang-command@2.0.0 OK for: cross-spawn@7.0.6 want: ^2.0.0
159 silly placeDep ROOT which@2.0.2 OK for: cross-spawn@7.0.6 want: ^2.0.1
160 silly fetch manifest shebang-regex@^3.0.0
161 silly packumentCache full:https://registry.npmjs.org/shebang-regex cache-miss
162 silly fetch manifest isexe@^2.0.0
163 silly packumentCache full:https://registry.npmjs.org/isexe cache-miss
164 http fetch GET 200 https://registry.npmjs.org/shebang-regex 39ms (cache miss)
165 silly packumentCache full:https://registry.npmjs.org/shebang-regex set size:undefined disposed:false
166 http fetch GET 200 https://registry.npmjs.org/isexe 63ms (cache miss)
167 silly packumentCache full:https://registry.npmjs.org/isexe set size:undefined disposed:false
168 silly placeDep ROOT @isaacs/cliui@8.0.2 OK for: jackspeak@2.3.6 want: ^8.0.2
169 silly placeDep ROOT @pkgjs/parseargs@0.11.0 OK for: jackspeak@2.3.6 want: ^0.11.0
170 silly fetch manifest wrap-ansi@^8.1.0
171 silly packumentCache full:https://registry.npmjs.org/wrap-ansi cache-miss
172 silly fetch manifest strip-ansi@^7.0.1
173 silly packumentCache full:https://registry.npmjs.org/strip-ansi cache-miss
174 silly fetch manifest string-width@^5.1.2
175 silly packumentCache full:https://registry.npmjs.org/string-width cache-miss
176 silly fetch manifest wrap-ansi-cjs@npm:wrap-ansi@^7.0.0
177 silly packumentCache full:https://registry.npmjs.org/wrap-ansi cache-miss
178 silly fetch manifest strip-ansi-cjs@npm:strip-ansi@^6.0.1
179 silly packumentCache full:https://registry.npmjs.org/strip-ansi cache-miss
180 silly fetch manifest string-width-cjs@npm:string-width@^4.2.0
181 silly packumentCache full:https://registry.npmjs.org/string-width cache-miss
182 http fetch GET 200 https://registry.npmjs.org/wrap-ansi 37ms (cache miss)
183 silly packumentCache full:https://registry.npmjs.org/wrap-ansi set size:undefined disposed:false
184 http fetch GET 200 https://registry.npmjs.org/wrap-ansi 44ms (cache miss)
185 silly packumentCache full:https://registry.npmjs.org/wrap-ansi set size:undefined disposed:false
186 http fetch GET 200 https://registry.npmjs.org/strip-ansi 45ms (cache miss)
187 silly packumentCache full:https://registry.npmjs.org/strip-ansi set size:undefined disposed:false
188 http fetch GET 200 https://registry.npmjs.org/string-width 45ms (cache miss)
189 silly packumentCache full:https://registry.npmjs.org/string-width set size:undefined disposed:false
190 http fetch GET 200 https://registry.npmjs.org/strip-ansi 49ms (cache miss)
191 silly packumentCache full:https://registry.npmjs.org/strip-ansi set size:undefined disposed:false
192 http fetch GET 200 https://registry.npmjs.org/string-width 53ms (cache miss)
193 silly packumentCache full:https://registry.npmjs.org/string-width set size:undefined disposed:false
194 silly placeDep ROOT string-width@5.1.2 OK for: @isaacs/cliui@8.0.2 want: ^5.1.2
195 silly placeDep ROOT string-width-cjs@4.2.3 OK for: @isaacs/cliui@8.0.2 want: npm:string-width@^4.2.0
196 silly placeDep ROOT strip-ansi@7.2.0 OK for: @isaacs/cliui@8.0.2 want: ^7.0.1
197 silly placeDep ROOT strip-ansi-cjs@6.0.1 OK for: @isaacs/cliui@8.0.2 want: npm:strip-ansi@^6.0.1
198 silly placeDep ROOT wrap-ansi@8.1.0 OK for: @isaacs/cliui@8.0.2 want: ^8.1.0
199 silly placeDep ROOT wrap-ansi-cjs@7.0.0 OK for: @isaacs/cliui@8.0.2 want: npm:wrap-ansi@^7.0.0
200 silly fetch manifest emoji-regex@^9.2.2
201 silly packumentCache full:https://registry.npmjs.org/emoji-regex cache-miss
202 silly fetch manifest eastasianwidth@^0.2.0
203 silly packumentCache full:https://registry.npmjs.org/eastasianwidth cache-miss
204 silly fetch manifest strip-ansi@^6.0.1
205 silly packumentCache full:https://registry.npmjs.org/strip-ansi cache-miss
206 silly fetch manifest emoji-regex@^8.0.0
207 silly packumentCache full:https://registry.npmjs.org/emoji-regex cache-miss
208 silly fetch manifest is-fullwidth-code-point@^3.0.0
209 silly packumentCache full:https://registry.npmjs.org/is-fullwidth-code-point cache-miss
210 silly fetch manifest ansi-regex@^6.2.2
211 silly packumentCache full:https://registry.npmjs.org/ansi-regex cache-miss
212 silly fetch manifest ansi-regex@^5.0.1
213 silly packumentCache full:https://registry.npmjs.org/ansi-regex cache-miss
214 silly fetch manifest ansi-styles@^6.1.0
215 silly packumentCache full:https://registry.npmjs.org/ansi-styles cache-miss
216 silly fetch manifest strip-ansi@^6.0.0
217 silly packumentCache full:https://registry.npmjs.org/strip-ansi cache-miss
218 silly fetch manifest ansi-styles@^4.0.0
219 silly packumentCache full:https://registry.npmjs.org/ansi-styles cache-miss
220 silly fetch manifest string-width@^4.1.0
221 silly packumentCache full:https://registry.npmjs.org/string-width cache-miss
222 http cache https://registry.npmjs.org/strip-ansi 8ms (cache hit)
223 silly packumentCache full:https://registry.npmjs.org/strip-ansi set size:44998 disposed:false
224 http cache https://registry.npmjs.org/strip-ansi 7ms (cache hit)
225 silly packumentCache full:https://registry.npmjs.org/strip-ansi set size:44998 disposed:false
226 silly packumentCache full:https://registry.npmjs.org/strip-ansi dispose
227 http cache https://registry.npmjs.org/string-width 8ms (cache hit)
228 silly packumentCache full:https://registry.npmjs.org/string-width set size:72458 disposed:false
229 http fetch GET 200 https://registry.npmjs.org/is-fullwidth-code-point 39ms (cache miss)
230 silly packumentCache full:https://registry.npmjs.org/is-fullwidth-code-point set size:undefined disposed:false
231 http fetch GET 200 https://registry.npmjs.org/ansi-styles 39ms (cache miss)
232 silly packumentCache full:https://registry.npmjs.org/ansi-styles set size:undefined disposed:false
233 http fetch GET 200 https://registry.npmjs.org/ansi-styles 40ms (cache miss)
234 silly packumentCache full:https://registry.npmjs.org/ansi-styles set size:undefined disposed:false
235 http fetch GET 200 https://registry.npmjs.org/ansi-regex 41ms (cache miss)
236 silly packumentCache full:https://registry.npmjs.org/ansi-regex set size:undefined disposed:false
237 http fetch GET 200 https://registry.npmjs.org/emoji-regex 46ms (cache miss)
238 silly packumentCache full:https://registry.npmjs.org/emoji-regex set size:undefined disposed:false
239 http fetch GET 200 https://registry.npmjs.org/emoji-regex 49ms (cache miss)
240 silly packumentCache full:https://registry.npmjs.org/emoji-regex set size:undefined disposed:false
241 http fetch GET 200 https://registry.npmjs.org/eastasianwidth 50ms (cache miss)
242 silly packumentCache full:https://registry.npmjs.org/eastasianwidth set size:undefined disposed:false
243 http fetch GET 200 https://registry.npmjs.org/ansi-regex 61ms (cache miss)
244 silly packumentCache full:https://registry.npmjs.org/ansi-regex set size:undefined disposed:false
245 silly placeDep ROOT argparse@2.0.1 OK for: js-yaml@4.3.2 want: ^2.0.1
246 silly placeDep ROOT markdown-it@13.0.1 OK for: markdownlint@0.29.0 want: 13.0.1
247 silly placeDep ROOT markdownlint-micromark@0.1.5 OK for: markdownlint@0.29.0 want: 0.1.5
248 silly fetch manifest mdurl@^1.0.1
249 silly packumentCache full:https://registry.npmjs.org/mdurl cache-miss
250 silly fetch manifest entities@~3.0.1
251 silly packumentCache full:https://registry.npmjs.org/entities cache-miss
252 silly fetch manifest uc.micro@^1.0.5
253 silly packumentCache full:https://registry.npmjs.org/uc.micro cache-miss
254 silly fetch manifest linkify-it@^4.0.1
255 silly packumentCache full:https://registry.npmjs.org/linkify-it cache-miss
256 http fetch GET 200 https://registry.npmjs.org/mdurl 26ms (cache miss)
257 silly packumentCache full:https://registry.npmjs.org/mdurl set size:undefined disposed:false
258 http fetch GET 200 https://registry.npmjs.org/uc.micro 44ms (cache miss)
259 silly packumentCache full:https://registry.npmjs.org/uc.micro set size:undefined disposed:false
260 http fetch GET 200 https://registry.npmjs.org/linkify-it 45ms (cache miss)
261 silly packumentCache full:https://registry.npmjs.org/linkify-it set size:undefined disposed:false
262 http fetch GET 200 https://registry.npmjs.org/entities 46ms (cache miss)
263 silly packumentCache full:https://registry.npmjs.org/entities set size:undefined disposed:false
264 silly placeDep ROOT entities@3.0.1 OK for: markdown-it@13.0.1 want: ~3.0.1
265 silly placeDep ROOT linkify-it@4.0.1 OK for: markdown-it@13.0.1 want: ^4.0.1
266 silly placeDep ROOT mdurl@1.0.1 OK for: markdown-it@13.0.1 want: ^1.0.1
267 silly placeDep ROOT uc.micro@1.0.6 OK for: markdown-it@13.0.1 want: ^1.0.5
268 silly fetch manifest uc.micro@^1.0.1
269 silly packumentCache full:https://registry.npmjs.org/uc.micro cache-miss
270 http cache https://registry.npmjs.org/uc.micro 4ms (cache hit)
271 silly packumentCache full:https://registry.npmjs.org/uc.micro set size:18730 disposed:false
272 silly placeDep ROOT brace-expansion@2.1.7 OK for: minimatch@9.0.9 want: ^2.0.2
273 silly fetch manifest balanced-match@^1.0.0
274 silly packumentCache full:https://registry.npmjs.org/balanced-match cache-miss
275 http fetch GET 200 https://registry.npmjs.org/balanced-match 38ms (cache miss)
276 silly packumentCache full:https://registry.npmjs.org/balanced-match set size:undefined disposed:false
277 silly placeDep ROOT balanced-match@1.0.2 OK for: brace-expansion@2.1.7 want: ^1.0.0
278 silly placeDep ROOT lru-cache@10.4.3 OK for: path-scurry@1.11.1 want: ^10.2.0
279 silly placeDep ROOT deep-extend@0.6.0 OK for: run-con@1.2.12 want: ^0.6.0
280 silly placeDep ROOT ini@3.0.1 OK for: run-con@1.2.12 want: ~3.0.0
281 silly placeDep ROOT minimist@1.2.8 OK for: run-con@1.2.12 want: ^1.2.8
282 silly placeDep ROOT strip-json-comments@3.1.1 OK for: run-con@1.2.12 want: ~3.1.1
283 silly placeDep ROOT shebang-regex@3.0.0 OK for: shebang-command@2.0.0 want: ^3.0.0
284 silly placeDep ROOT eastasianwidth@0.2.0 OK for: string-width@5.1.2 want: ^0.2.0
285 silly placeDep ROOT emoji-regex@9.2.2 OK for: string-width@5.1.2 want: ^9.2.2
286 silly placeDep node_modules/string-width-cjs emoji-regex@8.0.0 OK for: string-width@4.2.3 want: ^8.0.0
287 silly placeDep ROOT is-fullwidth-code-point@3.0.0 OK for: string-width@4.2.3 want: ^3.0.0
288 silly placeDep node_modules/string-width-cjs strip-ansi@6.0.1 OK for: string-width@4.2.3 want: ^6.0.1
289 silly placeDep ROOT ansi-regex@6.3.0 OK for: strip-ansi@7.2.0 want: ^6.2.2
290 silly placeDep node_modules/strip-ansi-cjs ansi-regex@5.0.1 OK for: strip-ansi@6.0.1 want: ^5.0.1
291 silly placeDep ROOT isexe@2.0.0 OK for: which@2.0.2 want: ^2.0.0
292 silly placeDep ROOT ansi-styles@6.2.3 OK for: wrap-ansi@8.1.0 want: ^6.1.0
293 silly placeDep node_modules/wrap-ansi-cjs ansi-styles@4.3.0 OK for: wrap-ansi@7.0.0 want: ^4.0.0
294 silly placeDep node_modules/wrap-ansi-cjs string-width@4.2.3 OK for: wrap-ansi@7.0.0 want: ^4.1.0
295 silly placeDep node_modules/wrap-ansi-cjs strip-ansi@6.0.1 OK for: wrap-ansi@7.0.0 want: ^6.0.0
296 silly fetch manifest color-convert@^2.0.1
297 silly packumentCache full:https://registry.npmjs.org/color-convert cache-miss
298 http fetch GET 200 https://registry.npmjs.org/color-convert 36ms (cache miss)
299 silly packumentCache full:https://registry.npmjs.org/color-convert set size:undefined disposed:false
300 silly placeDep node_modules/string-width-cjs ansi-regex@5.0.1 OK for: strip-ansi@6.0.1 want: ^5.0.1
301 silly placeDep ROOT color-convert@2.0.1 OK for: ansi-styles@4.3.0 want: ^2.0.1
302 silly fetch manifest color-name@~1.1.4
303 silly packumentCache full:https://registry.npmjs.org/color-name cache-miss
304 http fetch GET 200 https://registry.npmjs.org/color-name 39ms (cache miss)
305 silly packumentCache full:https://registry.npmjs.org/color-name set size:undefined disposed:false
306 silly placeDep ROOT color-name@1.1.4 OK for: color-convert@2.0.1 want: ~1.1.4
307 silly placeDep node_modules/wrap-ansi-cjs emoji-regex@8.0.0 OK for: string-width@4.2.3 want: ^8.0.0
308 silly placeDep node_modules/wrap-ansi-cjs ansi-regex@5.0.1 OK for: strip-ansi@6.0.1 want: ^5.0.1
309 silly reify moves {}
310 silly audit bulk request {
310 silly audit   'markdownlint-cli': [ '0.35.0' ],
310 silly audit   commander: [ '11.0.0' ],
310 silly audit   'get-stdin': [ '9.0.0' ],
310 silly audit   glob: [ '10.2.7' ],
310 silly audit   ignore: [ '5.2.4' ],
310 silly audit   'js-yaml': [ '4.3.2' ],
310 silly audit   'jsonc-parser': [ '3.2.1' ],
310 silly audit   markdownlint: [ '0.29.0' ],
310 silly audit   minimatch: [ '9.0.9' ],
310 silly audit   'run-con': [ '1.2.12' ],
310 silly audit   'foreground-child': [ '3.3.1' ],
310 silly audit   jackspeak: [ '2.3.6' ],
310 silly audit   minipass: [ '6.0.2' ],
310 silly audit   'path-scurry': [ '1.11.1' ],
310 silly audit   'cross-spawn': [ '7.0.6' ],
310 silly audit   'signal-exit': [ '4.1.0' ],
310 silly audit   'path-key': [ '3.1.1' ],
310 silly audit   'shebang-command': [ '2.0.0' ],
310 silly audit   which: [ '2.0.2' ],
310 silly audit   '@isaacs/cliui': [ '8.0.2' ],
310 silly audit   '@pkgjs/parseargs': [ '0.11.0' ],
310 silly audit   'string-width': [ '5.1.2', '4.2.3' ],
310 silly audit   'strip-ansi': [ '7.2.0', '6.0.1' ],
310 silly audit   'wrap-ansi': [ '8.1.0', '7.0.0' ],
310 silly audit   argparse: [ '2.0.1' ],
310 silly audit   'markdown-it': [ '13.0.1' ],
310 silly audit   'markdownlint-micromark': [ '0.1.5' ],
310 silly audit   entities: [ '3.0.1' ],
310 silly audit   'linkify-it': [ '4.0.1' ],
310 silly audit   mdurl: [ '1.0.1' ],
310 silly audit   'uc.micro': [ '1.0.6' ],
310 silly audit   'brace-expansion': [ '2.1.7' ],
310 silly audit   'balanced-match': [ '1.0.2' ],
310 silly audit   'lru-cache': [ '10.4.3' ],
310 silly audit   'deep-extend': [ '0.6.0' ],
310 silly audit   ini: [ '3.0.1' ],
310 silly audit   minimist: [ '1.2.8' ],
310 silly audit   'strip-json-comments': [ '3.1.1' ],
310 silly audit   'shebang-regex': [ '3.0.0' ],
310 silly audit   eastasianwidth: [ '0.2.0' ],
310 silly audit   'emoji-regex': [ '9.2.2', '8.0.0' ],
310 silly audit   'is-fullwidth-code-point': [ '3.0.0' ],
310 silly audit   'ansi-regex': [ '6.3.0', '5.0.1' ],
310 silly audit   isexe: [ '2.0.0' ],
310 silly audit   'ansi-styles': [ '6.2.3', '4.3.0' ],
310 silly audit   'color-convert': [ '2.0.1' ],
310 silly audit   'color-name': [ '1.1.4' ]
310 silly audit }
311 http cache color-convert@https://registry.npmjs.org/color-convert/-/color-convert-2.0.1.tgz 0ms (cache hit)
312 http cache color-name@https://registry.npmjs.org/color-name/-/color-name-1.1.4.tgz 0ms (cache hit)
313 http cache ansi-styles@https://registry.npmjs.org/ansi-styles/-/ansi-styles-6.2.3.tgz 0ms (cache hit)
314 http cache ansi-regex@https://registry.npmjs.org/ansi-regex/-/ansi-regex-6.3.0.tgz 0ms (cache hit)
315 http cache isexe@https://registry.npmjs.org/isexe/-/isexe-2.0.0.tgz 0ms (cache hit)
316 http cache is-fullwidth-code-point@https://registry.npmjs.org/is-fullwidth-code-point/-/is-fullwidth-code-point-3.0.0.tgz 0ms (cache hit)
317 http cache emoji-regex@https://registry.npmjs.org/emoji-regex/-/emoji-regex-9.2.2.tgz 0ms (cache hit)
318 http cache eastasianwidth@https://registry.npmjs.org/eastasianwidth/-/eastasianwidth-0.2.0.tgz 0ms (cache hit)
319 http cache strip-json-comments@https://registry.npmjs.org/strip-json-comments/-/strip-json-comments-3.1.1.tgz 0ms (cache hit)
320 http cache shebang-regex@https://registry.npmjs.org/shebang-regex/-/shebang-regex-3.0.0.tgz 0ms (cache hit)
321 http cache minimist@https://registry.npmjs.org/minimist/-/minimist-1.2.8.tgz 0ms (cache hit)
322 http cache ini@https://registry.npmjs.org/ini/-/ini-3.0.1.tgz 0ms (cache hit)
323 http cache deep-extend@https://registry.npmjs.org/deep-extend/-/deep-extend-0.6.0.tgz 0ms (cache hit)
324 http cache lru-cache@https://registry.npmjs.org/lru-cache/-/lru-cache-10.4.3.tgz 0ms (cache hit)
325 http cache balanced-match@https://registry.npmjs.org/balanced-match/-/balanced-match-1.0.2.tgz 0ms (cache hit)
326 http cache brace-expansion@https://registry.npmjs.org/brace-expansion/-/brace-expansion-2.1.7.tgz 0ms (cache hit)
327 http cache mdurl@https://registry.npmjs.org/mdurl/-/mdurl-1.0.1.tgz 0ms (cache hit)
328 http cache linkify-it@https://registry.npmjs.org/linkify-it/-/linkify-it-4.0.1.tgz 0ms (cache hit)
329 http cache uc.micro@https://registry.npmjs.org/uc.micro/-/uc.micro-1.0.6.tgz 0ms (cache hit)
330 http cache entities@https://registry.npmjs.org/entities/-/entities-3.0.1.tgz 0ms (cache hit)
331 http cache markdownlint-micromark@https://registry.npmjs.org/markdownlint-micromark/-/markdownlint-micromark-0.1.5.tgz 0ms (cache hit)
332 http cache argparse@https://registry.npmjs.org/argparse/-/argparse-2.0.1.tgz 0ms (cache hit)
333 http cache markdown-it@https://registry.npmjs.org/markdown-it/-/markdown-it-13.0.1.tgz 0ms (cache hit)
334 http cache wrap-ansi-cjs@https://registry.npmjs.org/wrap-ansi/-/wrap-ansi-7.0.0.tgz 0ms (cache hit)
335 http cache wrap-ansi@https://registry.npmjs.org/wrap-ansi/-/wrap-ansi-8.1.0.tgz 0ms (cache hit)
336 http cache strip-ansi-cjs@https://registry.npmjs.org/strip-ansi/-/strip-ansi-6.0.1.tgz 0ms (cache hit)
337 http cache strip-ansi@https://registry.npmjs.org/strip-ansi/-/strip-ansi-7.2.0.tgz 0ms (cache hit)
338 http cache string-width-cjs@https://registry.npmjs.org/string-width/-/string-width-4.2.3.tgz 0ms (cache hit)
339 http cache string-width@https://registry.npmjs.org/string-width/-/string-width-5.1.2.tgz 0ms (cache hit)
340 http cache @pkgjs/parseargs@https://registry.npmjs.org/@pkgjs/parseargs/-/parseargs-0.11.0.tgz 0ms (cache hit)
341 http cache which@https://registry.npmjs.org/which/-/which-2.0.2.tgz 0ms (cache hit)
342 http cache @isaacs/cliui@https://registry.npmjs.org/@isaacs/cliui/-/cliui-8.0.2.tgz 0ms (cache hit)
343 http cache shebang-command@https://registry.npmjs.org/shebang-command/-/shebang-command-2.0.0.tgz 0ms (cache hit)
344 http cache signal-exit@https://registry.npmjs.org/signal-exit/-/signal-exit-4.1.0.tgz 0ms (cache hit)
345 http cache path-key@https://registry.npmjs.org/path-key/-/path-key-3.1.1.tgz 0ms (cache hit)
346 http cache cross-spawn@https://registry.npmjs.org/cross-spawn/-/cross-spawn-7.0.6.tgz 0ms (cache hit)
347 http cache path-scurry@https://registry.npmjs.org/path-scurry/-/path-scurry-1.11.1.tgz 0ms (cache hit)
348 http cache minipass@https://registry.npmjs.org/minipass/-/minipass-6.0.2.tgz 0ms (cache hit)
349 http cache jackspeak@https://registry.npmjs.org/jackspeak/-/jackspeak-2.3.6.tgz 0ms (cache hit)
350 http cache foreground-child@https://registry.npmjs.org/foreground-child/-/foreground-child-3.3.1.tgz 0ms (cache hit)
351 http cache run-con@https://registry.npmjs.org/run-con/-/run-con-1.2.12.tgz 0ms (cache hit)
352 http cache minimatch@https://registry.npmjs.org/minimatch/-/minimatch-9.0.9.tgz 0ms (cache hit)
353 http cache markdownlint@https://registry.npmjs.org/markdownlint/-/markdownlint-0.29.0.tgz 0ms (cache hit)
354 http cache jsonc-parser@https://registry.npmjs.org/jsonc-parser/-/jsonc-parser-3.2.1.tgz 0ms (cache hit)
355 http cache js-yaml@https://registry.npmjs.org/js-yaml/-/js-yaml-4.3.2.tgz 0ms (cache hit)
356 http cache ignore@https://registry.npmjs.org/ignore/-/ignore-5.2.4.tgz 0ms (cache hit)
357 http cache glob@https://registry.npmjs.org/glob/-/glob-10.2.7.tgz 0ms (cache hit)
358 http cache get-stdin@https://registry.npmjs.org/get-stdin/-/get-stdin-9.0.0.tgz 0ms (cache hit)
359 http cache commander@https://registry.npmjs.org/commander/-/commander-11.0.0.tgz 0ms (cache hit)
360 http cache markdownlint-cli@https://registry.npmjs.org/markdownlint-cli/-/markdownlint-cli-0.35.0.tgz 0ms (cache hit)
361 http cache ansi-regex@https://registry.npmjs.org/ansi-regex/-/ansi-regex-5.0.1.tgz 0ms (cache hit)
362 http cache emoji-regex@https://registry.npmjs.org/emoji-regex/-/emoji-regex-8.0.0.tgz 0ms (cache hit)
363 http cache strip-ansi@https://registry.npmjs.org/strip-ansi/-/strip-ansi-6.0.1.tgz 0ms (cache hit)
364 http cache string-width@https://registry.npmjs.org/string-width/-/string-width-4.2.3.tgz 0ms (cache hit)
365 http cache ansi-styles@https://registry.npmjs.org/ansi-styles/-/ansi-styles-4.3.0.tgz 0ms (cache hit)
366 http cache ansi-regex@https://registry.npmjs.org/ansi-regex/-/ansi-regex-5.0.1.tgz 0ms (cache hit)
367 silly tarball no local data for color-convert@https://registry.npmjs.org/color-convert/-/color-convert-2.0.1.tgz. Extracting by manifest.
368 silly tarball no local data for color-name@https://registry.npmjs.org/color-name/-/color-name-1.1.4.tgz. Extracting by manifest.
369 silly tarball no local data for ansi-styles@https://registry.npmjs.org/ansi-styles/-/ansi-styles-6.2.3.tgz. Extracting by manifest.
370 silly tarball no local data for ansi-regex@https://registry.npmjs.org/ansi-regex/-/ansi-regex-6.3.0.tgz. Extracting by manifest.
371 silly tarball no local data for isexe@https://registry.npmjs.org/isexe/-/isexe-2.0.0.tgz. Extracting by manifest.
372 silly tarball no local data for is-fullwidth-code-point@https://registry.npmjs.org/is-fullwidth-code-point/-/is-fullwidth-code-point-3.0.0.tgz. Extracting by manifest.
373 silly tarball no local data for emoji-regex@https://registry.npmjs.org/emoji-regex/-/emoji-regex-9.2.2.tgz. Extracting by manifest.
374 silly tarball no local data for eastasianwidth@https://registry.npmjs.org/eastasianwidth/-/eastasianwidth-0.2.0.tgz. Extracting by manifest.
375 silly tarball no local data for strip-json-comments@https://registry.npmjs.org/strip-json-comments/-/strip-json-comments-3.1.1.tgz. Extracting by manifest.
376 silly tarball no local data for shebang-regex@https://registry.npmjs.org/shebang-regex/-/shebang-regex-3.0.0.tgz. Extracting by manifest.
377 silly tarball no local data for minimist@https://registry.npmjs.org/minimist/-/minimist-1.2.8.tgz. Extracting by manifest.
378 silly tarball no local data for ini@https://registry.npmjs.org/ini/-/ini-3.0.1.tgz. Extracting by manifest.
379 silly tarball no local data for deep-extend@https://registry.npmjs.org/deep-extend/-/deep-extend-0.6.0.tgz. Extracting by manifest.
380 silly tarball no local data for lru-cache@https://registry.npmjs.org/lru-cache/-/lru-cache-10.4.3.tgz. Extracting by manifest.
381 silly tarball no local data for balanced-match@https://registry.npmjs.org/balanced-match/-/balanced-match-1.0.2.tgz. Extracting by manifest.
382 silly tarball no local data for brace-expansion@https://registry.npmjs.org/brace-expansion/-/brace-expansion-2.1.7.tgz. Extracting by manifest.
383 silly tarball no local data for mdurl@https://registry.npmjs.org/mdurl/-/mdurl-1.0.1.tgz. Extracting by manifest.
384 silly tarball no local data for linkify-it@https://registry.npmjs.org/linkify-it/-/linkify-it-4.0.1.tgz. Extracting by manifest.
385 silly tarball no local data for uc.micro@https://registry.npmjs.org/uc.micro/-/uc.micro-1.0.6.tgz. Extracting by manifest.
386 silly tarball no local data for entities@https://registry.npmjs.org/entities/-/entities-3.0.1.tgz. Extracting by manifest.
387 silly tarball no local data for markdownlint-micromark@https://registry.npmjs.org/markdownlint-micromark/-/markdownlint-micromark-0.1.5.tgz. Extracting by manifest.
388 silly tarball no local data for argparse@https://registry.npmjs.org/argparse/-/argparse-2.0.1.tgz. Extracting by manifest.
389 silly tarball no local data for markdown-it@https://registry.npmjs.org/markdown-it/-/markdown-it-13.0.1.tgz. Extracting by manifest.
390 silly tarball no local data for wrap-ansi-cjs@https://registry.npmjs.org/wrap-ansi/-/wrap-ansi-7.0.0.tgz. Extracting by manifest.
391 silly tarball no local data for wrap-ansi@https://registry.npmjs.org/wrap-ansi/-/wrap-ansi-8.1.0.tgz. Extracting by manifest.
392 silly tarball no local data for strip-ansi-cjs@https://registry.npmjs.org/strip-ansi/-/strip-ansi-6.0.1.tgz. Extracting by manifest.
393 silly tarball no local data for strip-ansi@https://registry.npmjs.org/strip-ansi/-/strip-ansi-7.2.0.tgz. Extracting by manifest.
394 silly tarball no local data for string-width-cjs@https://registry.npmjs.org/string-width/-/string-width-4.2.3.tgz. Extracting by manifest.
395 silly tarball no local data for string-width@https://registry.npmjs.org/string-width/-/string-width-5.1.2.tgz. Extracting by manifest.
396 http cache ansi-regex@https://registry.npmjs.org/ansi-regex/-/ansi-regex-5.0.1.tgz 0ms (cache hit)
397 silly tarball no local data for @pkgjs/parseargs@https://registry.npmjs.org/@pkgjs/parseargs/-/parseargs-0.11.0.tgz. Extracting by manifest.
398 silly tarball no local data for which@https://registry.npmjs.org/which/-/which-2.0.2.tgz. Extracting by manifest.
399 silly tarball no local data for @isaacs/cliui@https://registry.npmjs.org/@isaacs/cliui/-/cliui-8.0.2.tgz. Extracting by manifest.
400 silly tarball no local data for shebang-command@https://registry.npmjs.org/shebang-command/-/shebang-command-2.0.0.tgz. Extracting by manifest.
401 silly tarball no local data for signal-exit@https://registry.npmjs.org/signal-exit/-/signal-exit-4.1.0.tgz. Extracting by manifest.
402 silly tarball no local data for path-key@https://registry.npmjs.org/path-key/-/path-key-3.1.1.tgz. Extracting by manifest.
403 silly tarball no local data for cross-spawn@https://registry.npmjs.org/cross-spawn/-/cross-spawn-7.0.6.tgz. Extracting by manifest.
404 silly tarball no local data for path-scurry@https://registry.npmjs.org/path-scurry/-/path-scurry-1.11.1.tgz. Extracting by manifest.
405 silly tarball no local data for minipass@https://registry.npmjs.org/minipass/-/minipass-6.0.2.tgz. Extracting by manifest.
406 silly tarball no local data for jackspeak@https://registry.npmjs.org/jackspeak/-/jackspeak-2.3.6.tgz. Extracting by manifest.
407 silly tarball no local data for foreground-child@https://registry.npmjs.org/foreground-child/-/foreground-child-3.3.1.tgz. Extracting by manifest.
408 silly tarball no local data for run-con@https://registry.npmjs.org/run-con/-/run-con-1.2.12.tgz. Extracting by manifest.
409 silly tarball no local data for minimatch@https://registry.npmjs.org/minimatch/-/minimatch-9.0.9.tgz. Extracting by manifest.
410 silly tarball no local data for markdownlint@https://registry.npmjs.org/markdownlint/-/markdownlint-0.29.0.tgz. Extracting by manifest.
411 silly tarball no local data for jsonc-parser@https://registry.npmjs.org/jsonc-parser/-/jsonc-parser-3.2.1.tgz. Extracting by manifest.
412 silly tarball no local data for js-yaml@https://registry.npmjs.org/js-yaml/-/js-yaml-4.3.2.tgz. Extracting by manifest.
413 silly tarball no local data for ignore@https://registry.npmjs.org/ignore/-/ignore-5.2.4.tgz. Extracting by manifest.
414 silly tarball no local data for glob@https://registry.npmjs.org/glob/-/glob-10.2.7.tgz. Extracting by manifest.
415 silly tarball no local data for get-stdin@https://registry.npmjs.org/get-stdin/-/get-stdin-9.0.0.tgz. Extracting by manifest.
416 silly tarball no local data for commander@https://registry.npmjs.org/commander/-/commander-11.0.0.tgz. Extracting by manifest.
417 silly tarball no local data for markdownlint-cli@https://registry.npmjs.org/markdownlint-cli/-/markdownlint-cli-0.35.0.tgz. Extracting by manifest.
418 silly tarball no local data for ansi-regex@https://registry.npmjs.org/ansi-regex/-/ansi-regex-5.0.1.tgz. Extracting by manifest.
419 silly tarball no local data for emoji-regex@https://registry.npmjs.org/emoji-regex/-/emoji-regex-8.0.0.tgz. Extracting by manifest.
420 silly tarball no local data for strip-ansi@https://registry.npmjs.org/strip-ansi/-/strip-ansi-6.0.1.tgz. Extracting by manifest.
421 silly tarball no local data for string-width@https://registry.npmjs.org/string-width/-/string-width-4.2.3.tgz. Extracting by manifest.
422 silly tarball no local data for ansi-styles@https://registry.npmjs.org/ansi-styles/-/ansi-styles-4.3.0.tgz. Extracting by manifest.
423 http cache emoji-regex@https://registry.npmjs.org/emoji-regex/-/emoji-regex-8.0.0.tgz 0ms (cache hit)
424 silly tarball no local data for ansi-regex@https://registry.npmjs.org/ansi-regex/-/ansi-regex-5.0.1.tgz. Extracting by manifest.
425 silly tarball no local data for ansi-regex@https://registry.npmjs.org/ansi-regex/-/ansi-regex-5.0.1.tgz. Extracting by manifest.
426 silly tarball no local data for emoji-regex@https://registry.npmjs.org/emoji-regex/-/emoji-regex-8.0.0.tgz. Extracting by manifest.
427 http cache strip-ansi@https://registry.npmjs.org/strip-ansi/-/strip-ansi-6.0.1.tgz 0ms (cache hit)
428 silly tarball no local data for strip-ansi@https://registry.npmjs.org/strip-ansi/-/strip-ansi-6.0.1.tgz. Extracting by manifest.
429 http fetch POST 200 https://registry.npmjs.org/-/npm/v1/security/advisories/bulk 102ms
430 silly audit report {
430 silly audit report   glob: [
430 silly audit report     {
430 silly audit report       id: 1109842,
430 silly audit report       url: 'https://github.com/advisories/GHSA-5j98-mcp5-4vw2',
430 silly audit report       title: 'glob CLI: Command injection via -c/--cmd executes matches with shell:true',
430 silly audit report       severity: 'high',
430 silly audit report       vulnerable_versions: '>=10.2.0 <10.5.0',
430 silly audit report       cwe: [Array],
430 silly audit report       cvss: [Object]
430 silly audit report     }
430 silly audit report   ],
430 silly audit report   'markdown-it': [
430 silly audit report     {
430 silly audit report       id: 1113190,
430 silly audit report       url: 'https://github.com/advisories/GHSA-38c4-r59v-3vqw',
430 silly audit report       title: 'markdown-it is has a Regular Expression Denial of Service (ReDoS)',
430 silly audit report       severity: 'moderate',
430 silly audit report       vulnerable_versions: '>=13.0.0 <14.1.1',
430 silly audit report       cwe: [Array],
430 silly audit report       cvss: [Object]
430 silly audit report     },
430 silly audit report     {
430 silly audit report       id: 1120820,
430 silly audit report       url: 'https://github.com/advisories/GHSA-6v5v-wf23-fmfq',
430 silly audit report       title: 'markdown-it: Quadratic complexity DoS in smartquotes rule via replaceAt string operations',
430 silly audit report       severity: 'moderate',
430 silly audit report       vulnerable_versions: '<=14.1.1',
430 silly audit report       cwe: [Array],
430 silly audit report       cvss: [Object]
430 silly audit report     }
430 silly audit report   ],
430 silly audit report   'linkify-it': [
430 silly audit report     {
430 silly audit report       id: 1121797,
430 silly audit report       url: 'https://github.com/advisories/GHSA-22p9-wv53-3rq4',
430 silly audit report       title: 'LinkifyIt#match scan loop has quadratic algorithmic complexity',
430 silly audit report       severity: 'high',
430 silly audit report       vulnerable_versions: '<=5.0.0',
430 silly audit report       cwe: [Array],
430 silly audit report       cvss: [Object]
430 silly audit report     },
430 silly audit report     {
430 silly audit report       id: 1124012,
430 silly audit report       url: 'https://github.com/advisories/GHSA-v245-v573-v5vm',
430 silly audit report       title: 'linkify-it: Quadratic-complexity DoS via the `mailto:` validator scan-loop on attacker text',
430 silly audit report       severity: 'high',
430 silly audit report       vulnerable_versions: '<=5.0.1',
430 silly audit report       cwe: [Array],
430 silly audit report       cvss: [Object]
430 silly audit report     }
430 silly audit report   ]
430 silly audit report }
431 silly packumentCache corgi:https://registry.npmjs.org/glob cache-miss
432 silly packumentCache corgi:https://registry.npmjs.org/markdown-it cache-miss
433 silly packumentCache corgi:https://registry.npmjs.org/linkify-it cache-miss
434 http fetch GET 200 https://registry.npmjs.org/eastasianwidth/-/eastasianwidth-0.2.0.tgz 74ms (cache miss)
435 http fetch GET 200 https://registry.npmjs.org/ansi-regex/-/ansi-regex-6.3.0.tgz 75ms (cache miss)
436 http fetch GET 200 https://registry.npmjs.org/shebang-regex/-/shebang-regex-3.0.0.tgz 74ms (cache miss)
437 http fetch GET 200 https://registry.npmjs.org/color-convert/-/color-convert-2.0.1.tgz 76ms (cache miss)
438 http fetch GET 200 https://registry.npmjs.org/isexe/-/isexe-2.0.0.tgz 75ms (cache miss)
439 http fetch GET 200 https://registry.npmjs.org/strip-json-comments/-/strip-json-comments-3.1.1.tgz 75ms (cache miss)
440 http fetch GET 200 https://registry.npmjs.org/is-fullwidth-code-point/-/is-fullwidth-code-point-3.0.0.tgz 76ms (cache miss)
441 http fetch GET 200 https://registry.npmjs.org/color-name/-/color-name-1.1.4.tgz 77ms (cache miss)
442 http fetch GET 200 https://registry.npmjs.org/ansi-styles/-/ansi-styles-6.2.3.tgz 77ms (cache miss)
443 http fetch GET 200 https://registry.npmjs.org/emoji-regex/-/emoji-regex-9.2.2.tgz 77ms (cache miss)
444 http fetch GET 200 https://registry.npmjs.org/balanced-match/-/balanced-match-1.0.2.tgz 95ms (cache miss)
445 http fetch GET 200 https://registry.npmjs.org/mdurl/-/mdurl-1.0.1.tgz 103ms (cache miss)
446 http fetch GET 200 https://registry.npmjs.org/brace-expansion/-/brace-expansion-2.1.7.tgz 107ms (cache miss)
447 http fetch GET 200 https://registry.npmjs.org/uc.micro/-/uc.micro-1.0.6.tgz 107ms (cache miss)
448 http fetch GET 200 https://registry.npmjs.org/linkify-it/-/linkify-it-4.0.1.tgz 107ms (cache miss)
449 http fetch GET 200 https://registry.npmjs.org/argparse/-/argparse-2.0.1.tgz 105ms (cache miss)
450 http fetch GET 200 https://registry.npmjs.org/markdownlint-micromark/-/markdownlint-micromark-0.1.5.tgz 107ms (cache miss)
451 http fetch GET 200 https://registry.npmjs.org/entities/-/entities-3.0.1.tgz 109ms (cache miss)
452 http fetch GET 200 https://registry.npmjs.org/wrap-ansi/-/wrap-ansi-7.0.0.tgz 113ms (cache miss)
453 http fetch GET 200 https://registry.npmjs.org/wrap-ansi/-/wrap-ansi-8.1.0.tgz 116ms (cache miss)
454 http fetch GET 200 https://registry.npmjs.org/minimist/-/minimist-1.2.8.tgz 123ms (cache miss)
455 http fetch GET 200 https://registry.npmjs.org/string-width/-/string-width-5.1.2.tgz 139ms (cache miss)
456 http fetch GET 200 https://registry.npmjs.org/string-width/-/string-width-4.2.3.tgz 139ms (cache miss)
457 http fetch GET 200 https://registry.npmjs.org/which/-/which-2.0.2.tgz 138ms (cache miss)
458 http fetch GET 200 https://registry.npmjs.org/strip-ansi/-/strip-ansi-7.2.0.tgz 141ms (cache miss)
459 http fetch GET 200 https://registry.npmjs.org/strip-ansi/-/strip-ansi-6.0.1.tgz 143ms (cache miss)
460 http fetch GET 200 https://registry.npmjs.org/ini/-/ini-3.0.1.tgz 147ms (cache miss)
461 http fetch GET 200 https://registry.npmjs.org/markdown-it/-/markdown-it-13.0.1.tgz 151ms (cache miss)
462 http fetch GET 200 https://registry.npmjs.org/@isaacs/cliui/-/cliui-8.0.2.tgz 154ms (cache miss)
463 http fetch GET 200 https://registry.npmjs.org/shebang-command/-/shebang-command-2.0.0.tgz 154ms (cache miss)
464 http fetch GET 200 https://registry.npmjs.org/cross-spawn/-/cross-spawn-7.0.6.tgz 157ms (cache miss)
465 http fetch GET 200 https://registry.npmjs.org/deep-extend/-/deep-extend-0.6.0.tgz 164ms (cache miss)
466 http fetch GET 200 https://registry.npmjs.org/lru-cache/-/lru-cache-10.4.3.tgz 164ms (cache miss)
467 http fetch GET 200 https://registry.npmjs.org/path-key/-/path-key-3.1.1.tgz 159ms (cache miss)
468 http fetch GET 200 https://registry.npmjs.org/@pkgjs/parseargs/-/parseargs-0.11.0.tgz 162ms (cache miss)
469 http fetch GET 200 https://registry.npmjs.org/signal-exit/-/signal-exit-4.1.0.tgz 163ms (cache miss)
470 http fetch GET 200 https://registry.npmjs.org/minipass/-/minipass-6.0.2.tgz 176ms (cache miss)
471 http fetch GET 200 https://registry.npmjs.org/jackspeak/-/jackspeak-2.3.6.tgz 183ms (cache miss)
472 http fetch GET 200 https://registry.npmjs.org/foreground-child/-/foreground-child-3.3.1.tgz 184ms (cache miss)
473 http fetch GET 200 https://registry.npmjs.org/path-scurry/-/path-scurry-1.11.1.tgz 186ms (cache miss)
474 http fetch GET 200 https://registry.npmjs.org/ignore/-/ignore-5.2.4.tgz 200ms (cache miss)
475 http fetch GET 200 https://registry.npmjs.org/run-con/-/run-con-1.2.12.tgz 203ms (cache miss)
476 http fetch GET 200 https://registry.npmjs.org/get-stdin/-/get-stdin-9.0.0.tgz 205ms (cache miss)
477 http fetch GET 200 https://registry.npmjs.org/jsonc-parser/-/jsonc-parser-3.2.1.tgz 207ms (cache miss)
478 http fetch GET 200 https://registry.npmjs.org/ansi-regex/-/ansi-regex-5.0.1.tgz 212ms (cache miss)
479 http fetch GET 200 https://registry.npmjs.org/markdownlint-cli/-/markdownlint-cli-0.35.0.tgz 214ms (cache miss)
480 http fetch GET 200 https://registry.npmjs.org/emoji-regex/-/emoji-regex-8.0.0.tgz 216ms (cache miss)
481 http fetch GET 200 https://registry.npmjs.org/string-width/-/string-width-4.2.3.tgz 218ms (cache miss)
482 http fetch GET 200 https://registry.npmjs.org/strip-ansi/-/strip-ansi-6.0.1.tgz 219ms (cache miss)
483 http fetch GET 200 https://registry.npmjs.org/js-yaml/-/js-yaml-4.3.2.tgz 223ms (cache miss)
484 http fetch GET 200 https://registry.npmjs.org/ansi-styles/-/ansi-styles-4.3.0.tgz 223ms (cache miss)
485 http fetch GET 200 https://registry.npmjs.org/minimatch/-/minimatch-9.0.9.tgz 227ms (cache miss)
486 http fetch GET 200 https://registry.npmjs.org/commander/-/commander-11.0.0.tgz 230ms (cache miss)
487 http fetch GET 200 https://registry.npmjs.org/markdownlint/-/markdownlint-0.29.0.tgz 231ms (cache miss)
488 http fetch GET 200 https://registry.npmjs.org/emoji-regex/-/emoji-regex-8.0.0.tgz 222ms (cache miss)
489 http fetch GET 200 https://registry.npmjs.org/glob/-/glob-10.2.7.tgz 232ms (cache miss)
490 warn deprecated glob@10.2.7: Old versions of glob are not supported, and contain widely publicized security vulnerabilities, which have been fixed in the current version. Please update. Support for old versions may be purchased (at exorbitant rates) by contacting i@izs.me
491 http fetch GET 200 https://registry.npmjs.org/ansi-regex/-/ansi-regex-5.0.1.tgz 227ms (cache miss)
492 http fetch GET 200 https://registry.npmjs.org/ansi-regex/-/ansi-regex-5.0.1.tgz 232ms (cache miss)
493 http fetch GET 200 https://registry.npmjs.org/strip-ansi/-/strip-ansi-6.0.1.tgz 235ms (cache miss)
494 http fetch GET 200 https://registry.npmjs.org/linkify-it 189ms (cache miss)
495 silly packumentCache corgi:https://registry.npmjs.org/linkify-it set size:undefined disposed:false
496 http fetch GET 200 https://registry.npmjs.org/markdown-it 201ms (cache miss)
497 silly packumentCache corgi:https://registry.npmjs.org/markdown-it set size:undefined disposed:false
498 http fetch GET 200 https://registry.npmjs.org/glob 226ms (cache miss)
499 silly packumentCache corgi:https://registry.npmjs.org/glob set size:undefined disposed:false
500 silly packumentCache corgi:https://registry.npmjs.org/markdownlint-cli cache-miss
501 http cache https://registry.npmjs.org/markdownlint-cli 4ms (cache hit)
502 silly packumentCache corgi:https://registry.npmjs.org/markdownlint-cli set size:96683 disposed:false
503 silly packumentCache corgi:https://registry.npmjs.org/markdownlint cache-miss
504 http fetch GET 200 https://registry.npmjs.org/markdownlint 50ms (cache miss)
505 silly packumentCache corgi:https://registry.npmjs.org/markdownlint set size:undefined disposed:false
506 notice run sample-writing@0.0.0 npx
507 notice run 'markdownlint' --config /tmp/mlint.json docs/ita/Tutorials and examples/Intel Trust Authority Client examples/tutorial-azure-vtpm.md
508 verbose cwd /Users/pcartee/Downloads/github/samples
509 verbose os Darwin 25.6.0
510 verbose node v24.19.0
511 verbose npm  v12.0.2
512 verbose exit 1
513 verbose code 1
