0 verbose cli /usr/local/bin/node /usr/local/bin/npm
1 info using npm@12.0.2
2 info using node@v24.19.0
3 silly config load:file:/usr/local/lib/node_modules/npm/npmrc
4 silly config load:file:/Users/pcartee/Downloads/github/samples/.npmrc
5 silly config load:file:/Users/pcartee/.npmrc
6 silly config load:file:/usr/local/etc/npmrc
7 verbose title npm run build
8 verbose argv "run" "build"
9 verbose logfile logs-max:10 dir:/Users/pcartee/Downloads/github/samples/.npm-cache/_logs/2026-09-23T18_58_52_771Z-
10 verbose logfile /Users/pcartee/Downloads/github/samples/.npm-cache/_logs/2026-09-23T18_58_52_771Z-debug-0.log
11 silly logfile start cleaning logs, removing 1 files
12 silly logfile done cleaning log files
13 notice run sample-writing@0.0.0 build
14 notice run docusaurus build
15 verbose cwd /Users/pcartee/Downloads/github/samples
16 verbose os Darwin 25.6.0
17 verbose node v24.19.0
18 verbose npm  v12.0.2
19 verbose exit 127
20 verbose code 127
