0 verbose cli /usr/local/bin/node /usr/local/lib/node_modules/npm/bin/npm-cli.js
1 info using npm@12.0.2
2 info using node@v24.19.0
3 silly config load:file:/usr/local/lib/node_modules/npm/npmrc
4 silly config load:file:/Users/pcartee/Downloads/github/samples/.npmrc
5 silly config load:file:/Users/pcartee/.npmrc
6 silly config load:file:/usr/local/etc/npmrc
7 verbose title npm exec markdownlint-cli2 --config docs-review/.markdownlint.yaml docs/ita/Tutorials and examples/Intel Trust Authority Client examples/tutorial-amd-azure-vm.md
8 verbose argv "exec" "--yes" "false" "--" "markdownlint-cli2" "--config" "docs-review/.markdownlint.yaml" "docs/ita/Tutorials and examples/Intel Trust Authority Client examples/tutorial-amd-azure-vm.md"
9 verbose logfile logs-max:10 dir:/Users/pcartee/Downloads/github/samples/.npm-cache/_logs/2026-09-16T18_30_47_507Z-
10 verbose logfile /Users/pcartee/Downloads/github/samples/.npm-cache/_logs/2026-09-16T18_30_47_507Z-debug-0.log
11 silly logfile done cleaning log files
12 notice run sample-writing@0.0.0 npx
13 notice run 'markdownlint-cli2' --config docs-review/.markdownlint.yaml docs/ita/Tutorials and examples/Intel Trust Authority Client examples/tutorial-amd-azure-vm.md
14 verbose cwd /Users/pcartee/Downloads/github/samples
15 verbose os Darwin 25.6.0
16 verbose node v24.19.0
17 verbose npm  v12.0.2
18 verbose exit 0
19 info ok
