0 verbose cli /usr/local/bin/node /usr/local/lib/node_modules/npm/bin/npm-cli.js
1 info using npm@12.0.2
2 info using node@v24.19.0
3 silly config load:file:/usr/local/lib/node_modules/npm/npmrc
4 silly config load:file:/Users/pcartee/Downloads/github/samples/.npmrc
5 silly config load:file:/Users/pcartee/.npmrc
6 silly config load:file:/usr/local/etc/npmrc
7 verbose title npm exec markdownlint-cli@0.35.0 --config /tmp/mlint.json docs/ita/Tutorials and examples/Intel Trust Authority Client examples/tutorial-azure-vtpm.md
8 verbose argv "exec" "--yes" "--" "markdownlint-cli@0.35.0" "--config" "/tmp/mlint.json" "docs/ita/Tutorials and examples/Intel Trust Authority Client examples/tutorial-azure-vtpm.md"
9 verbose logfile logs-max:10 dir:/Users/pcartee/Downloads/github/samples/.npm-cache/_logs/2026-09-17T02_08_52_569Z-
10 verbose logfile /Users/pcartee/Downloads/github/samples/.npm-cache/_logs/2026-09-17T02_08_52_569Z-debug-0.log
11 silly logfile done cleaning log files
12 silly packumentCache heap:4496293888 maxSize:1124073472 maxEntrySize:562036736
13 http fetch GET 200 https://registry.npmjs.org/markdownlint-cli 190ms (cache revalidated)
14 silly packumentCache heap:4496293888 maxSize:1124073472 maxEntrySize:562036736
15 silly packumentCache heap:4496293888 maxSize:1124073472 maxEntrySize:562036736
16 notice run sample-writing@0.0.0 npx
17 notice run 'markdownlint' --config /tmp/mlint.json docs/ita/Tutorials and examples/Intel Trust Authority Client examples/tutorial-azure-vtpm.md
18 verbose cwd /Users/pcartee/Downloads/github/samples
19 verbose os Darwin 25.6.0
20 verbose node v24.19.0
21 verbose npm  v12.0.2
22 verbose exit 0
23 info ok
